f:\git repos\skimming-over-the-surface\skimming-over-the-surface\x64\debug\vc143.pdb
f:\git repos\skimming-over-the-surface\skimming-over-the-surface\x64\debug\vc143.idb
f:\git repos\skimming-over-the-surface\skimming-over-the-surface\x64\debug\wheel.obj
f:\git repos\skimming-over-the-surface\skimming-over-the-surface\x64\debug\welcome.obj
f:\git repos\skimming-over-the-surface\skimming-over-the-surface\x64\debug\variable.obj
f:\git repos\skimming-over-the-surface\skimming-over-the-surface\x64\debug\personal_center.obj
f:\git repos\skimming-over-the-surface\skimming-over-the-surface\x64\debug\menu.obj
f:\git repos\skimming-over-the-surface\skimming-over-the-surface\x64\debug\main.obj
f:\git repos\skimming-over-the-surface\skimming-over-the-surface\x64\debug\login_screen.obj
f:\git repos\skimming-over-the-surface\x64\debug\skimming-over-the-surface.exe
f:\git repos\skimming-over-the-surface\x64\debug\skimming-over-the-surface.pdb
f:\git repos\skimming-over-the-surface\skimming-over-the-surface\x64\debug\skimming-over-the-surface.ilk
f:\git repos\skimming-over-the-surface\skimming-over-the-surface\x64\debug\diary_function.obj
f:\git repos\skimming-over-the-surface\skimming-over-the-surface\x64\debug\diary_syste.obj
f:\git repos\skimming-over-the-surface\skimming-over-the-surface\x64\debug\login_screen.obj.enc
f:\git repos\skimming-over-the-surface\skimming-over-the-surface\x64\debug\skimming.4d6397d4.tlog\cl.command.1.tlog
f:\git repos\skimming-over-the-surface\skimming-over-the-surface\x64\debug\skimming.4d6397d4.tlog\cl.items.tlog
f:\git repos\skimming-over-the-surface\skimming-over-the-surface\x64\debug\skimming.4d6397d4.tlog\cl.write.1.tlog
f:\git repos\skimming-over-the-surface\skimming-over-the-surface\x64\debug\skimming.4d6397d4.tlog\link.command.1.tlog
f:\git repos\skimming-over-the-surface\skimming-over-the-surface\x64\debug\skimming.4d6397d4.tlog\link.read.1.tlog
f:\git repos\skimming-over-the-surface\skimming-over-the-surface\x64\debug\skimming.4d6397d4.tlog\link.secondary.1.tlog
f:\git repos\skimming-over-the-surface\skimming-over-the-surface\x64\debug\skimming.4d6397d4.tlog\link.write.1.tlog
